books/ADruidInGameOfThrones
books/AJoBR
books/All_the_Dust_that_Falls
books/anathema
books/APracticalGuideToSorcery
books/AzarinthHealer
books/BSO
books/BTDM
books/CyberDreams
books/ImmortalConqueror
books/IR
books/legion_of_nothing
books/MagicalGirlGunslinger
books/MaidToKill
books/MelodyOfMana
books/MetaworldChronicles
books/MillennialMage
books/MotherOfLearning
books/NaturesWhisperer
books/Netherborne
books/OneMoorPlow
books/RebornAsADemonicTree
books/SaintessSummonsSkeletons
books/SuperMinion
books/SuperSupportive
books/SylverSeeker
books/TheCalamitousBob
books/TheEssenceOfCultivation
books/TheHeartIsAVoid_AshesToAshes
books/TheNewtAndDemon
books/TheNewWorld_TheDrownedEarth
books/ThePathOfAscension
books/ThePerfectRun
books/ThereWillBeDragonsHere
books/TheShadowsBecomeHer
books/VaeVictis
books/VainqueurTheDragon
books/VigorMortis
books/TheGameAtCarousel
books/TheLastOrellen
books/KittyCatKillSat
books/MarkOfTheFool
books/ArtificialJelly
books/BlueCore
books/ThisYoungMasterIsNotCannonFodder
books/CalculatingCultivation
books/AnImmortalsRetirement
books/ParanoidMage
books/DungeonDevotee
books/HiveMindsGiveGoodHugs
books/ToPlayWithMagic
books/AbyssalRise
books/WeaponsOfMassDestruction
books/TheValenfrostSaga
books/12MilesBelow
books/TheLawsOfCultivation
books/TheRunesmith
books/ReturnOfTheRuneboundProfessor
books/WolfOfTheBloodMoon
books/Elydes
books/GarlicGravyAndGoblinGoop
books/ModernPatriarch
books/IAmTheGOAT
books/MomoTheRipper
books/OurLittleDarkAge
books/WolfOfTheBloodMoon
books/ANovelConcept
books/SlumratRising
books/EndsOfMagic
books/FatePoints
books/BarrierMage
books/EleknarsHeir
books/SagaOfEbonheim
books/Renewal_ADaughterOfFate
books/Gleam
books/AshbornPrimordial
books/DarkLordOfTheFarmstead
books/TheEaglesFlight
books/NeverDieTwice
books/TheHumbleLifeOfASkillTrainer
books/TheStarsHaveEyes
books/AChemistsRiseInAnotherWorld
books/FriendlyNeighborhoodWizard
books/TheWitchOfTophetCounty
books/ShipCore
books/EmergenceOfANewWorld
books/MonsterJousting
books/SeedsOfRuin
books/AllTheSkills
books/AllTheSkills-ADeckbuildingLitRPG
books/Totem
books/ThePrimalHunter
books/TheQuestGiver
books/DungeonNoble
